// use braces and return in arrow fn
const testFn = () => {
  return 'test';
};

testFn();
