// semicolons should be added
const test = 1;
console.log(test);
