const Component = () => <div />;

export default Component;
