query Browse(
  $offset: Int
  $limit: Int
  $categories: [String!]
  $search: String
) {
  browse(
    limit: $limit
    offset: $offset
    categories: $categories
    search: $search
  ) {
    total
    results {
      title
      price
    }
  }
}
