import { expect, it } from 'vitest';

it('is a test', () => {
  expect(true).toBe(true);
});
