// unused variables with underscores are allowed
const _unused = 'I am unused';

const _alsoUnused = 'Me too';
