// see: prettier.config.js
const additionalTailwindFunction = () => {
  return true;
};

// tailwindFunctions defined in project prettier.config.js
const config = additionalTailwindFunction({
  some: { object: 'rounded bg-blue-500 px-4 py-2 text-base text-white' },
});

export default config;
