const Component = () => {
  return <div />;
};

export default Component;
