// Vitest Snapshot v1, https://vitest.dev/guide/snapshot.html

exports[`enforces component arrow-function definition 1`] = `
"const Component = () => <div />;

export default Component;
"
`;

exports[`fixes storybook stories 1`] = `
"// TODO: currently we only check that formatting is working at all

import type { Meta, StoryObj } from '@storybook/react-vite';

import { Button } from './Button';

const meta: Meta<typeof Button> = {
  component: Button,
};

export default meta;
type Story = StoryObj<typeof meta>;

export const Primary: Story = {
  args: {
    primary: true,
    label: 'Button',
  },
};
"
`;
