[
  {
    "line": 8,
    "message": "Delete `路路路路`",
    "ruleId": "prettier/prettier",
  },
]