[
  {
    "message": "Expected block statement surrounding arrow body.",
    "ruleId": "arrow-body-style",
  },
]