import React from 'react';

import { cn, tv } from '@fuf-stack/pixel-utils';

// tailwind variants
const _variants = tv({
  base: 'rounded bg-blue-500 px-4 py-2 text-base text-white',
});

const MyComponent = () => {
  const _outsideCn = cn('rounded bg-blue-500 px-4 py-2 text-base text-white');

  return (
    <div className="rounded text-white">
      <div className={cn('rounded text-white')}>with cn</div>
    </div>
  );
};

export default MyComponent;
