[
  {
    "message": "File ignored because no matching configuration was supplied.",
    "ruleId": null,
  },
]