[
  {
    "message": "Prefer fragment shorthand over React.Fragment",
    "ruleId": "react/jsx-fragments",
  },
]