interface HelloProps {
  foo?: string;
}

const Hello = ({ foo }: HelloProps) => <div>{foo}</div>;

export default Hello;
