/* eslint-disable import-x/no-extraneous-dependencies */

import { Fragment } from 'react';

// prefer shorthand fragments
const Hello = () => <>test</>;

export default Hello;
