[
  {
    "message": "Function component is not an arrow function",
    "ruleId": "react/function-component-definition",
  },
  {
    "message": "Delete `Â·`",
    "ruleId": "prettier/prettier",
  },
  {
    "message": "Delete `;`",
    "ruleId": "prettier/prettier",
  },
]