[
  {
    "message": "should not have duplicate prefix",
    "ruleId": "vitest/valid-title",
  },
]